[h264] encoder ready (1920x1280, hw, 16Mbps, keyframe/2s)
virtual display #46 1920x1280 up
arranged right of existing displays: origin (1512, -298)
serving — open on the Pad:
  -> http://192.168.1.69:8080/   (en0)
  -> http://192.168.139.3:8080/   (bridge100)
  -> http://192.168.215.0:8080/   (bridge101)
  -> http://192.168.97.0:8080/   (bridge102)
  (h264: /h264, mjpeg: /stream.mjpg)
[sc] ScreenCaptureKit streaming 1920x1280 @60
[sc] no frames from ScreenCaptureKit — trying CGDisplayStream
[cg] CGDisplayStream push capture 1920x1280
[h264] avcC captured (25 bytes)
[status] capture=0.9fps(cap 0ms) submit=0.0fps encout=0.4fps h264=14kbits/s clients(mjpeg=0 h264=0) sccb=0
[cg] CGDisplayStream stalled — switching to polling
[status] capture=59.6fps(cap 13ms) submit=59.6fps encout=58.9fps h264=1924kbits/s clients(mjpeg=0 h264=0) sccb=0
[http] GET /h264
[http] GET /h264
[http] h264 client done (301 AUs)
[status] capture=59.6fps(cap 13ms) submit=59.6fps encout=59.4fps h264=2563kbits/s clients(mjpeg=0 h264=1) sccb=0
[http] h264 client done (122 AUs)
[status] capture=59.7fps(cap 13ms) submit=59.7fps encout=59.2fps h264=2555kbits/s clients(mjpeg=0 h264=0) sccb=0
[status] capture=58.3fps(cap 15ms) submit=58.3fps encout=59.1fps h264=2551kbits/s clients(mjpeg=0 h264=0) sccb=0
[status] capture=53.6fps(cap 25ms) submit=53.6fps encout=55.9fps h264=2426kbits/s clients(mjpeg=0 h264=0) sccb=0
[status] capture=51.3fps(cap 16ms) submit=51.3fps encout=55.2fps h264=2351kbits/s clients(mjpeg=0 h264=0) sccb=0
[status] capture=55.9fps(cap 17ms) submit=55.9fps encout=56.0fps h264=2430kbits/s clients(mjpeg=0 h264=0) sccb=0
[status] capture=56.6fps(cap 16ms) submit=56.6fps encout=56.0fps h264=2430kbits/s clients(mjpeg=0 h264=0) sccb=0
[status] capture=56.3fps(cap 16ms) submit=56.3fps encout=56.0fps h264=2383kbits/s clients(mjpeg=0 h264=0) sccb=0
[status] capture=56.1fps(cap 16ms) submit=56.1fps encout=56.7fps h264=2457kbits/s clients(mjpeg=0 h264=0) sccb=0
[status] capture=56.4fps(cap 16ms) submit=56.4fps encout=56.3fps h264=2441kbits/s clients(mjpeg=0 h264=0) sccb=0
[status] capture=53.2fps(cap 15ms) submit=53.2fps encout=55.4fps h264=2359kbits/s clients(mjpeg=0 h264=0) sccb=0
[status] capture=55.4fps(cap 17ms) submit=55.4fps encout=55.7fps h264=2418kbits/s clients(mjpeg=0 h264=0) sccb=0
[status] capture=55.8fps(cap 17ms) submit=55.8fps encout=55.7fps h264=2418kbits/s clients(mjpeg=0 h264=0) sccb=0
[status] capture=55.9fps(cap 16ms) submit=55.9fps encout=55.7fps h264=2371kbits/s clients(mjpeg=0 h264=0) sccb=0
[status] capture=55.9fps(cap 16ms) submit=55.9fps encout=56.2fps h264=2437kbits/s clients(mjpeg=0 h264=0) sccb=0
[status] capture=56.8fps(cap 16ms) submit=56.8fps encout=56.2fps h264=2437kbits/s clients(mjpeg=0 h264=0) sccb=0
[status] capture=52.2fps(cap 16ms) submit=52.2fps encout=55.2fps h264=2351kbits/s clients(mjpeg=0 h264=0) sccb=0
[status] capture=55.1fps(cap 17ms) submit=55.1fps encout=55.5fps h264=2410kbits/s clients(mjpeg=0 h264=0) sccb=0
[status] capture=56.0fps(cap 16ms) submit=56.0fps encout=55.5fps h264=2410kbits/s clients(mjpeg=0 h264=0) sccb=0
[status] capture=54.9fps(cap 16ms) submit=54.9fps encout=55.6fps h264=2367kbits/s clients(mjpeg=0 h264=0) sccb=0
[status] capture=55.5fps(cap 16ms) submit=55.5fps encout=56.1fps h264=2433kbits/s clients(mjpeg=0 h264=0) sccb=0
[status] capture=58.4fps(cap 15ms) submit=58.4fps encout=56.6fps h264=2453kbits/s clients(mjpeg=0 h264=0) sccb=0
[status] capture=46.6fps(cap 16ms) submit=46.6fps encout=54.5fps h264=1913kbits/s clients(mjpeg=0 h264=0) sccb=0
[status] capture=57.4fps(cap 16ms) submit=57.4fps encout=52.6fps h264=1321kbits/s clients(mjpeg=0 h264=0) sccb=0
[status] capture=58.1fps(cap 15ms) submit=58.1fps encout=57.8fps h264=2453kbits/s clients(mjpeg=0 h264=0) sccb=0
[http] GET /stream.mjpg  UA= Mozilla/5.0 (X11; Linux x86_64) AppleWebKit/537.36 (KHTML, like Gecko) Chrome/131.0.0.0 Safari/537.36
[http] GET /  UA= Mozilla/5.0 (X11; Linux x86_64) AppleWebKit/537.36 (KHTML, like Gecko) Chrome/131.0.0.0 Safari/537.36
[http] mjpeg client done (25 frames)
[status] capture=59.0fps(cap 15ms) submit=59.0fps encout=57.9fps h264=2504kbits/s clients(mjpeg=0 h264=0) sccb=0
[http] GET /stream.mjpg  UA= Mozilla/5.0 (X11; Linux x86_64) AppleWebKit/537.36 (KHTML, like Gecko) Chrome/131.0.0.0 Safari/537.36
[status] capture=58.3fps(cap 15ms) submit=58.3fps encout=58.5fps h264=2556kbits/s clients(mjpeg=1 h264=0) sccb=0
[status] capture=58.4fps(cap 16ms) submit=58.4fps encout=57.8fps h264=2515kbits/s clients(mjpeg=1 h264=0) sccb=0
[status] capture=56.1fps(cap 16ms) submit=56.1fps encout=56.6fps h264=2453kbits/s clients(mjpeg=1 h264=0) sccb=0
[status] capture=57.6fps(cap 16ms) submit=57.6fps encout=57.0fps h264=2422kbits/s clients(mjpeg=1 h264=0) sccb=0
[status] capture=56.8fps(cap 16ms) submit=56.8fps encout=57.2fps h264=2477kbits/s clients(mjpeg=1 h264=0) sccb=0
[status] capture=55.9fps(cap 17ms) submit=55.9fps encout=57.3fps h264=2497kbits/s clients(mjpeg=1 h264=0) sccb=0
[http] GET /  UA= Mozilla/5.0 (X11; Linux x86_64) AppleWebKit/537.36 (KHTML, like Gecko) Chrome/131.0.0.0 Safari/537.36
[http] mjpeg client done (1282 frames)
[http] GET /stream.mjpg  UA= Mozilla/5.0 (X11; Linux x86_64) AppleWebKit/537.36 (KHTML, like Gecko) Chrome/131.0.0.0 Safari/537.36
[status] capture=57.3fps(cap 15ms) submit=57.3fps encout=56.9fps h264=2471kbits/s clients(mjpeg=1 h264=0) sccb=0
[status] capture=58.2fps(cap 16ms) submit=58.2fps encout=56.6fps h264=3025kbits/s clients(mjpeg=1 h264=0) sccb=0
[status] capture=54.1fps(cap 17ms) submit=54.1fps encout=54.5fps h264=2384kbits/s clients(mjpeg=1 h264=0) sccb=0
[status] capture=55.9fps(cap 16ms) submit=55.9fps encout=56.3fps h264=2431kbits/s clients(mjpeg=1 h264=0) sccb=0
[status] capture=56.8fps(cap 16ms) submit=56.8fps encout=55.1fps h264=2338kbits/s clients(mjpeg=1 h264=0) sccb=0
[status] capture=55.0fps(cap 17ms) submit=55.0fps encout=53.6fps h264=2330kbits/s clients(mjpeg=1 h264=0) sccb=0
[status] capture=57.0fps(cap 16ms) submit=57.0fps encout=56.5fps h264=2393kbits/s clients(mjpeg=1 h264=0) sccb=0
[status] capture=57.5fps(cap 15ms) submit=57.5fps encout=56.7fps h264=2447kbits/s clients(mjpeg=1 h264=0) sccb=0
[status] capture=55.2fps(cap 17ms) submit=55.2fps encout=56.2fps h264=2427kbits/s clients(mjpeg=1 h264=0) sccb=0
[status] capture=48.9fps(cap 17ms) submit=48.9fps encout=47.5fps h264=2040kbits/s clients(mjpeg=1 h264=0) sccb=0
[status] capture=55.2fps(cap 19ms) submit=55.2fps encout=54.3fps h264=2313kbits/s clients(mjpeg=1 h264=0) sccb=0
[status] capture=47.4fps(cap 16ms) submit=47.4fps encout=49.7fps h264=2128kbits/s clients(mjpeg=1 h264=0) sccb=0
[http] GET /h264
[http] h264 client done (51 AUs)
[http] GET /frame.jpg  UA= curl/8.7.1
[status] capture=47.6fps(cap 17ms) submit=47.6fps encout=49.0fps h264=2142kbits/s clients(mjpeg=1 h264=0) sccb=0
[status] capture=47.6fps(cap 20ms) submit=47.6fps encout=48.5fps h264=2088kbits/s clients(mjpeg=1 h264=0) sccb=0
[status] capture=52.8fps(cap 17ms) submit=52.8fps encout=52.5fps h264=2239kbits/s clients(mjpeg=1 h264=0) sccb=0
[status] capture=55.1fps(cap 18ms) submit=55.1fps encout=54.8fps h264=2329kbits/s clients(mjpeg=1 h264=0) sccb=0
[status] capture=53.6fps(cap 19ms) submit=53.6fps encout=55.1fps h264=2387kbits/s clients(mjpeg=1 h264=0) sccb=0
[status] capture=54.9fps(cap 17ms) submit=54.9fps encout=55.1fps h264=2387kbits/s clients(mjpeg=1 h264=0) sccb=0
[status] capture=55.0fps(cap 17ms) submit=55.0fps encout=55.0fps h264=2337kbits/s clients(mjpeg=1 h264=0) sccb=0
[status] capture=55.2fps(cap 17ms) submit=55.2fps encout=55.1fps h264=2387kbits/s clients(mjpeg=1 h264=0) sccb=0
[status] capture=48.2fps(cap 17ms) submit=48.2fps encout=53.6fps h264=2282kbits/s clients(mjpeg=1 h264=0) sccb=0
[http] GET /h264
[http] GET /stream.mjpg  UA= Mozilla/5.0 (X11; Linux x86_64) AppleWebKit/537.36 (KHTML, like Gecko) Chrome/131.0.0.0 Safari/537.36
[http] mjpeg client done (4127 frames)
[http] h264 client done (109 AUs)
[http] GET /frame.jpg  UA= curl/8.7.1
[status] capture=57.0fps(cap 17ms) submit=57.0fps encout=55.9fps h264=2460kbits/s clients(mjpeg=1 h264=0) sccb=0
[status] capture=56.3fps(cap 16ms) submit=56.3fps encout=56.9fps h264=2492kbits/s clients(mjpeg=1 h264=0) sccb=0
[status] capture=55.6fps(cap 22ms) submit=55.6fps encout=56.6fps h264=2454kbits/s clients(mjpeg=1 h264=0) sccb=0
[status] capture=54.7fps(cap 18ms) submit=54.7fps encout=55.0fps h264=2382kbits/s clients(mjpeg=1 h264=0) sccb=0
[http] GET /status  UA= curl/8.7.1
[status] capture=54.6fps(cap 18ms) submit=54.6fps encout=54.6fps h264=2367kbits/s clients(mjpeg=1 h264=0) sccb=0
[status] capture=49.8fps(cap 18ms) submit=49.8fps encout=53.3fps h264=2269kbits/s clients(mjpeg=1 h264=0) sccb=0
[status] capture=54.4fps(cap 17ms) submit=54.4fps encout=54.7fps h264=2370kbits/s clients(mjpeg=1 h264=0) sccb=0
[http] GET /h264  UA= curl/8.7.1
[http] h264 client done (169 AUs)
[status] capture=55.7fps(cap 17ms) submit=55.7fps encout=56.0fps h264=2375kbits/s clients(mjpeg=1 h264=0) sccb=0
[status] capture=51.2fps(cap 19ms) submit=51.2fps encout=52.7fps h264=2294kbits/s clients(mjpeg=1 h264=0) sccb=0
[status] capture=57.4fps(cap 16ms) submit=57.4fps encout=56.6fps h264=2410kbits/s clients(mjpeg=1 h264=0) sccb=0
[status] capture=54.6fps(cap 17ms) submit=54.6fps encout=55.9fps h264=2419kbits/s clients(mjpeg=1 h264=0) sccb=0
[http] GET /h264
[http] h264 client done (5 AUs)
[status] capture=54.2fps(cap 17ms) submit=54.2fps encout=54.1fps h264=2518kbits/s clients(mjpeg=1 h264=0) sccb=0
[status] capture=52.5fps(cap 17ms) submit=52.5fps encout=54.8fps h264=2339kbits/s clients(mjpeg=1 h264=0) sccb=0
[status] capture=57.2fps(cap 15ms) submit=57.2fps encout=53.2fps h264=2333kbits/s clients(mjpeg=1 h264=0) sccb=0
[status] capture=54.9fps(cap 17ms) submit=54.9fps encout=55.6fps h264=2387kbits/s clients(mjpeg=1 h264=0) sccb=0
[status] capture=53.1fps(cap 18ms) submit=53.1fps encout=53.4fps h264=2441kbits/s clients(mjpeg=1 h264=0) sccb=0
[http] GET /h264
[status] capture=53.2fps(cap 17ms) submit=53.2fps encout=53.7fps h264=2286kbits/s clients(mjpeg=1 h264=1) sccb=0
[http] h264 client done (199 AUs)
[status] capture=54.4fps(cap 17ms) submit=54.4fps encout=53.9fps h264=2338kbits/s clients(mjpeg=1 h264=0) sccb=0
[status] capture=54.5fps(cap 17ms) submit=54.5fps encout=53.3fps h264=2477kbits/s clients(mjpeg=1 h264=0) sccb=0
[status] capture=54.1fps(cap 16ms) submit=54.1fps encout=51.8fps h264=2151kbits/s clients(mjpeg=1 h264=0) sccb=0
[status] capture=52.6fps(cap 20ms) submit=52.6fps encout=51.8fps h264=2129kbits/s clients(mjpeg=1 h264=0) sccb=0
[status] capture=49.0fps(cap 19ms) submit=49.0fps encout=49.4fps h264=1983kbits/s clients(mjpeg=1 h264=0) sccb=0
[status] capture=55.3fps(cap 16ms) submit=55.3fps encout=54.1fps h264=2307kbits/s clients(mjpeg=1 h264=0) sccb=0
[status] capture=53.1fps(cap 17ms) submit=53.1fps encout=53.5fps h264=2322kbits/s clients(mjpeg=1 h264=0) sccb=0
[http] GET /h264
[http] h264 client done (154 AUs)
[status] capture=56.0fps(cap 17ms) submit=56.0fps encout=51.1fps h264=2272kbits/s clients(mjpeg=1 h264=0) sccb=0
[status] capture=48.4fps(cap 20ms) submit=48.4fps encout=51.3fps h264=2190kbits/s clients(mjpeg=1 h264=0) sccb=0
[status] capture=53.8fps(cap 17ms) submit=53.8fps encout=50.9fps h264=2174kbits/s clients(mjpeg=1 h264=0) sccb=0
[status] capture=55.3fps(cap 17ms) submit=55.3fps encout=53.2fps h264=2310kbits/s clients(mjpeg=1 h264=0) sccb=0
[status] capture=52.8fps(cap 18ms) submit=52.8fps encout=53.8fps h264=2288kbits/s clients(mjpeg=1 h264=0) sccb=0
[status] capture=56.7fps(cap 15ms) submit=56.7fps encout=54.3fps h264=2367kbits/s clients(mjpeg=1 h264=0) sccb=0
[status] capture=54.0fps(cap 18ms) submit=54.0fps encout=55.0fps h264=2384kbits/s clients(mjpeg=1 h264=0) sccb=0
[status] capture=52.9fps(cap 17ms) submit=52.9fps encout=53.5fps h264=2277kbits/s clients(mjpeg=1 h264=0) sccb=0
[status] capture=54.8fps(cap 17ms) submit=54.8fps encout=53.7fps h264=2284kbits/s clients(mjpeg=1 h264=0) sccb=0
[status] capture=54.2fps(cap 19ms) submit=54.2fps encout=55.7fps h264=2411kbits/s clients(mjpeg=1 h264=0) sccb=0
[status] capture=54.3fps(cap 20ms) submit=54.3fps encout=55.4fps h264=2398kbits/s clients(mjpeg=1 h264=0) sccb=0
[status] capture=52.6fps(cap 18ms) submit=52.6fps encout=53.6fps h264=2280kbits/s clients(mjpeg=1 h264=0) sccb=0
[status] capture=55.7fps(cap 17ms) submit=55.7fps encout=54.6fps h264=2364kbits/s clients(mjpeg=1 h264=0) sccb=0
[status] capture=48.4fps(cap 19ms) submit=48.4fps encout=53.7fps h264=2283kbits/s clients(mjpeg=1 h264=0) sccb=0
[status] capture=54.8fps(cap 16ms) submit=54.8fps encout=54.9fps h264=2376kbits/s clients(mjpeg=1 h264=0) sccb=0
[status] capture=53.2fps(cap 18ms) submit=53.2fps encout=54.1fps h264=2299kbits/s clients(mjpeg=1 h264=0) sccb=0
[status] capture=52.9fps(cap 19ms) submit=52.9fps encout=52.7fps h264=2290kbits/s clients(mjpeg=1 h264=0) sccb=0
[status] capture=47.7fps(cap 18ms) submit=47.7fps encout=51.7fps h264=2205kbits/s clients(mjpeg=1 h264=0) sccb=0
[status] capture=52.6fps(cap 18ms) submit=52.6fps encout=52.6fps h264=2240kbits/s clients(mjpeg=1 h264=0) sccb=0
[status] capture=53.2fps(cap 18ms) submit=53.2fps encout=52.4fps h264=2278kbits/s clients(mjpeg=1 h264=0) sccb=0
[http] GET /frame.jpg  UA= curl/8.7.1
[http] GET /h264
[status] capture=53.9fps(cap 18ms) submit=53.9fps encout=53.0fps h264=2256kbits/s clients(mjpeg=1 h264=1) sccb=0
[http] h264 client done (78 AUs)
[status] capture=52.3fps(cap 18ms) submit=52.3fps encout=53.0fps h264=2306kbits/s clients(mjpeg=1 h264=0) sccb=0
[status] capture=52.6fps(cap 19ms) submit=52.6fps encout=52.8fps h264=2248kbits/s clients(mjpeg=1 h264=0) sccb=0
[http] GET /frame.jpg  UA= curl/8.7.1
[status] capture=48.9fps(cap 21ms) submit=48.9fps encout=51.4fps h264=2193kbits/s clients(mjpeg=1 h264=0) sccb=0
[http] GET /frame.jpg  UA= curl/8.7.1
[http] GET /stream.mjpg  UA= Mozilla/5.0 (X11; Linux x86_64) AppleWebKit/537.36 (KHTML, like Gecko) Chrome/131.0.0.0 Safari/537.36
[http] mjpeg client done (9483 frames)
[http] GET /  UA= Mozilla/5.0 (X11; Linux x86_64) AppleWebKit/537.36 (KHTML, like Gecko) Chrome/131.0.0.0 Safari/537.36
[http] mjpeg client done (41 frames)
[http] GET /stream.mjpg  UA= Mozilla/5.0 (X11; Linux x86_64) AppleWebKit/537.36 (KHTML, like Gecko) Chrome/131.0.0.0 Safari/537.36
[status] capture=48.5fps(cap 18ms) submit=48.5fps encout=53.5fps h264=2321kbits/s clients(mjpeg=1 h264=0) sccb=0
[status] capture=55.7fps(cap 16ms) submit=55.7fps encout=55.6fps h264=2375kbits/s clients(mjpeg=1 h264=0) sccb=0
[status] capture=51.6fps(cap 18ms) submit=51.6fps encout=54.9fps h264=2491kbits/s clients(mjpeg=1 h264=0) sccb=0
[http] GET /frame.jpg  UA= curl/8.7.1
[status] capture=54.9fps(cap 16ms) submit=54.9fps encout=54.1fps h264=2536kbits/s clients(mjpeg=1 h264=0) sccb=0
[status] capture=49.4fps(cap 19ms) submit=49.4fps encout=51.2fps h264=2441kbits/s clients(mjpeg=1 h264=0) sccb=0
[http] GET /frame.jpg  UA= curl/8.7.1
[http] GET /frame.jpg  UA= curl/8.7.1
[status] capture=47.7fps(cap 19ms) submit=47.7fps encout=50.1fps h264=2375kbits/s clients(mjpeg=1 h264=0) sccb=0
[status] capture=46.5fps(cap 24ms) submit=46.5fps encout=51.3fps h264=2428kbits/s clients(mjpeg=1 h264=0) sccb=0
[status] capture=51.4fps(cap 18ms) submit=51.4fps encout=50.3fps h264=2118kbits/s clients(mjpeg=1 h264=0) sccb=0
[status] capture=51.4fps(cap 19ms) submit=51.4fps encout=50.2fps h264=2175kbits/s clients(mjpeg=1 h264=0) sccb=0
[status] capture=51.5fps(cap 18ms) submit=51.5fps encout=50.9fps h264=2157kbits/s clients(mjpeg=1 h264=0) sccb=0
[status] capture=50.0fps(cap 18ms) submit=50.0fps encout=50.7fps h264=2149kbits/s clients(mjpeg=1 h264=0) sccb=0
[status] capture=51.2fps(cap 18ms) submit=51.2fps encout=49.8fps h264=2114kbits/s clients(mjpeg=1 h264=0) sccb=0
[status] capture=52.6fps(cap 17ms) submit=52.6fps encout=51.2fps h264=2169kbits/s clients(mjpeg=1 h264=0) sccb=0
[status] capture=50.6fps(cap 19ms) submit=50.6fps encout=51.8fps h264=2248kbits/s clients(mjpeg=1 h264=0) sccb=0
[status] capture=46.6fps(cap 20ms) submit=46.6fps encout=49.2fps h264=2091kbits/s clients(mjpeg=1 h264=0) sccb=0
[status] capture=53.0fps(cap 17ms) submit=53.0fps encout=51.6fps h264=2183kbits/s clients(mjpeg=1 h264=0) sccb=0
[status] capture=53.6fps(cap 18ms) submit=53.6fps encout=52.6fps h264=2222kbits/s clients(mjpeg=1 h264=0) sccb=0
[status] capture=50.4fps(cap 19ms) submit=50.4fps encout=51.2fps h264=2215kbits/s clients(mjpeg=1 h264=0) sccb=0
[status] capture=51.0fps(cap 18ms) submit=51.0fps encout=51.1fps h264=2164kbits/s clients(mjpeg=1 h264=0) sccb=0
[status] capture=50.4fps(cap 18ms) submit=50.4fps encout=49.5fps h264=2102kbits/s clients(mjpeg=1 h264=0) sccb=0
[status] capture=50.9fps(cap 18ms) submit=50.9fps encout=50.4fps h264=2137kbits/s clients(mjpeg=1 h264=0) sccb=0
[status] capture=50.1fps(cap 18ms) submit=50.1fps encout=51.0fps h264=2212kbits/s clients(mjpeg=1 h264=0) sccb=0
[status] capture=54.3fps(cap 16ms) submit=54.3fps encout=55.3fps h264=2357kbits/s clients(mjpeg=1 h264=0) sccb=0
[status] capture=50.1fps(cap 18ms) submit=50.1fps encout=50.2fps h264=2130kbits/s clients(mjpeg=1 h264=0) sccb=0
[status] capture=52.3fps(cap 20ms) submit=52.3fps encout=51.7fps h264=2278kbits/s clients(mjpeg=1 h264=0) sccb=0
[status] capture=48.9fps(cap 18ms) submit=48.9fps encout=49.9fps h264=2161kbits/s clients(mjpeg=1 h264=0) sccb=0
[status] capture=55.1fps(cap 17ms) submit=55.1fps encout=51.5fps h264=2313kbits/s clients(mjpeg=1 h264=0) sccb=0
[status] capture=42.2fps(cap 44ms) submit=42.2fps encout=48.1fps h264=2476kbits/s clients(mjpeg=1 h264=0) sccb=0
[status] capture=48.3fps(cap 19ms) submit=48.3fps encout=48.0fps h264=3927kbits/s clients(mjpeg=1 h264=0) sccb=0
[status] capture=46.8fps(cap 18ms) submit=46.8fps encout=52.1fps h264=2308kbits/s clients(mjpeg=1 h264=0) sccb=0
[status] capture=50.3fps(cap 24ms) submit=50.3fps encout=50.9fps h264=2206kbits/s clients(mjpeg=1 h264=0) sccb=0
[status] capture=52.0fps(cap 18ms) submit=52.0fps encout=51.3fps h264=2175kbits/s clients(mjpeg=1 h264=0) sccb=0
[status] capture=52.7fps(cap 16ms) submit=52.7fps encout=52.0fps h264=2202kbits/s clients(mjpeg=1 h264=0) sccb=0
[status] capture=52.5fps(cap 18ms) submit=52.5fps encout=52.2fps h264=2257kbits/s clients(mjpeg=1 h264=0) sccb=0
[status] capture=52.8fps(cap 18ms) submit=52.8fps encout=52.2fps h264=2210kbits/s clients(mjpeg=1 h264=0) sccb=0
[status] capture=47.9fps(cap 18ms) submit=47.9fps encout=51.1fps h264=2167kbits/s clients(mjpeg=1 h264=0) sccb=0
[status] capture=53.7fps(cap 18ms) submit=53.7fps encout=52.6fps h264=2272kbits/s clients(mjpeg=1 h264=0) sccb=0
[status] capture=51.7fps(cap 19ms) submit=51.7fps encout=51.6fps h264=2187kbits/s clients(mjpeg=1 h264=0) sccb=0
[status] capture=53.8fps(cap 19ms) submit=53.8fps encout=52.5fps h264=2221kbits/s clients(mjpeg=1 h264=0) sccb=0
[status] capture=52.8fps(cap 18ms) submit=52.8fps encout=52.6fps h264=2272kbits/s clients(mjpeg=1 h264=0) sccb=0
[status] capture=53.6fps(cap 18ms) submit=53.6fps encout=52.6fps h264=2225kbits/s clients(mjpeg=1 h264=0) sccb=0
[status] capture=50.5fps(cap 17ms) submit=50.5fps encout=52.3fps h264=2214kbits/s clients(mjpeg=1 h264=0) sccb=0
[status] capture=52.4fps(cap 17ms) submit=52.4fps encout=52.5fps h264=2268kbits/s clients(mjpeg=1 h264=0) sccb=0
[status] capture=52.1fps(cap 18ms) submit=52.1fps encout=50.9fps h264=2296kbits/s clients(mjpeg=1 h264=0) sccb=0
[status] capture=52.0fps(cap 18ms) submit=52.0fps encout=49.7fps h264=2254kbits/s clients(mjpeg=1 h264=0) sccb=0
[status] capture=50.6fps(cap 19ms) submit=50.6fps encout=49.9fps h264=2121kbits/s clients(mjpeg=1 h264=0) sccb=0
[status] capture=54.6fps(cap 17ms) submit=54.6fps encout=52.6fps h264=2274kbits/s clients(mjpeg=1 h264=0) sccb=0
[status] capture=57.6fps(cap 14ms) submit=57.6fps encout=56.1fps h264=2361kbits/s clients(mjpeg=1 h264=0) sccb=0
[status] capture=55.4fps(cap 16ms) submit=55.4fps encout=56.1fps h264=2408kbits/s clients(mjpeg=1 h264=0) sccb=0
[status] capture=53.5fps(cap 20ms) submit=53.5fps encout=55.5fps h264=2385kbits/s clients(mjpeg=1 h264=0) sccb=0
[status] capture=52.0fps(cap 18ms) submit=52.0fps encout=54.2fps h264=2287kbits/s clients(mjpeg=1 h264=0) sccb=0
[status] capture=53.8fps(cap 18ms) submit=53.8fps encout=54.8fps h264=2358kbits/s clients(mjpeg=1 h264=0) sccb=0
[status] capture=54.2fps(cap 17ms) submit=54.2fps encout=54.7fps h264=2307kbits/s clients(mjpeg=1 h264=0) sccb=0
[status] capture=54.4fps(cap 17ms) submit=54.4fps encout=53.8fps h264=2319kbits/s clients(mjpeg=1 h264=0) sccb=0
[status] capture=52.7fps(cap 17ms) submit=52.7fps encout=54.8fps h264=2310kbits/s clients(mjpeg=1 h264=0) sccb=0
[status] capture=52.8fps(cap 22ms) submit=52.8fps encout=48.5fps h264=2053kbits/s clients(mjpeg=1 h264=0) sccb=0
[status] capture=55.6fps(cap 17ms) submit=55.6fps encout=53.1fps h264=2213kbits/s clients(mjpeg=1 h264=0) sccb=0
[status] capture=50.9fps(cap 33ms) submit=50.9fps encout=47.5fps h264=1958kbits/s clients(mjpeg=1 h264=0) sccb=0
[status] capture=51.8fps(cap 17ms) submit=51.8fps encout=49.0fps h264=2014kbits/s clients(mjpeg=1 h264=0) sccb=0
[status] capture=54.7fps(cap 17ms) submit=54.7fps encout=54.7fps h264=2273kbits/s clients(mjpeg=1 h264=0) sccb=0
[status] capture=53.7fps(cap 17ms) submit=53.7fps encout=54.6fps h264=2222kbits/s clients(mjpeg=1 h264=0) sccb=0
[status] capture=54.9fps(cap 17ms) submit=54.9fps encout=55.2fps h264=2296kbits/s clients(mjpeg=1 h264=0) sccb=0
[status] capture=54.2fps(cap 18ms) submit=54.2fps encout=54.4fps h264=2215kbits/s clients(mjpeg=1 h264=0) sccb=0
[http] mjpeg client done (12354 frames)
[status] capture=53.2fps(cap 17ms) submit=53.2fps encout=54.2fps h264=2254kbits/s clients(mjpeg=0 h264=0) sccb=0
[status] capture=53.3fps(cap 18ms) submit=53.3fps encout=53.7fps h264=2189kbits/s clients(mjpeg=0 h264=0) sccb=0
[status] capture=54.1fps(cap 18ms) submit=54.1fps encout=54.5fps h264=2266kbits/s clients(mjpeg=0 h264=0) sccb=0
[status] capture=54.6fps(cap 18ms) submit=54.6fps encout=54.3fps h264=2211kbits/s clients(mjpeg=0 h264=0) sccb=0
[status] capture=53.8fps(cap 18ms) submit=53.8fps encout=54.1fps h264=2251kbits/s clients(mjpeg=0 h264=0) sccb=0
[status] capture=54.8fps(cap 18ms) submit=54.8fps encout=13.9fps h264=565kbits/s clients(mjpeg=0 h264=0) sccb=0
shutting down...
